(program 1.0.0
  [
    [
      (lam i0 (lam i0 [ i2 (con bytestring #68656c6c6f) ]))
      (lam i0 (delay (lam i0 [ i1 i2 ])))
    ]
    (lam i0 i1)
  ]
)