(program 1.0.0
  [
    [
      [
        (lam i0 (lam i0 (lam i0 [ [ (force i2) (con integer 1) ] (force i3) ])))
        (delay (delay (lam i0 (lam i0 i2))))
      ]
      (delay (lam i0 (lam i0 (delay (lam i0 (lam i0 [ [ i1 i4 ] i3 ]))))))
    ]
    (delay (lam i0 i1))
  ]
)