(program 1.0.0
  [
    [
      [
        [
          (lam i0 (lam i0 (lam i0 (lam i0 [ i3 (con integer 2) ]))))
          (lam i0 (lam i0 (delay (lam i0 (lam i0 (lam i0 [ [ i3 i5 ] i4 ]))))))
        ]
        (lam i0 (delay (lam i0 (lam i0 (lam i0 [ i2 i4 ])))))
      ]
      (lam i0 (delay (lam i0 (lam i0 (lam i0 [ i1 i4 ])))))
    ]
    (lam i0 i1)
  ]
)