(program 1.0.0
  [
    [
      [
        (lam
          i0
          (lam
            i0
            (lam
              i0
              [
                [
                  (lam
                    i0
                    (lam
                      i0
                      [
                        [
                          (lam
                            i0
                            (lam
                              i0
                              [
                                i2
                                [
                                  (force i7)
                                  [
                                    [ (force (force i4)) (con integer 1) ]
                                    (con integer 2)
                                  ]
                                ]
                              ]
                            )
                          )
                          (lam i0 (delay (lam i0 [ i1 i2 ])))
                        ]
                        (lam i0 i1)
                      ]
                    )
                  )
                  (delay
                    (delay (lam i0 (lam i0 (delay (lam i0 [ [ i1 i3 ] i2 ])))))
                  )
                ]
                (delay (delay (lam i0 i1)))
              ]
            )
          )
        )
        (delay (lam i0 (delay (lam i0 (lam i0 [ i2 i3 ])))))
      ]
      (delay (delay (lam i0 (lam i0 i1))))
    ]
    (delay (lam i0 i1))
  ]
)