(program 1.0.0
  [
    [
      [
        (lam
          i0
          (lam
            i0
            (lam i0 [ [ (force (force i3)) (con integer 1) ] (con integer 2) ])
          )
        )
        (delay
          (delay (lam i0 (lam i0 (delay (lam i0 (lam i0 [ [ i2 i4 ] i3 ]))))))
        )
      ]
      (delay (delay (lam i0 (delay (lam i0 (lam i0 [ i1 i3 ]))))))
    ]
    (delay (delay (lam i0 i1)))
  ]
)