(program 1.0.0
  [
    [
      (lam
        i0
        (lam
          i0
          [
            [
              (lam i0 (lam i0 [ i2 [ i4 (con integer 1) ] ]))
              (lam i0 (delay (lam i0 [ i1 i2 ])))
            ]
            (lam i0 i1)
          ]
        )
      )
      (lam i0 (delay (lam i0 [ i1 i2 ])))
    ]
    (lam i0 i1)
  ]
)