( (Right (delay (\i0 -> \i0 -> force i2 (delay (\i0 -> \i0 -> \i0 -> addInteger i3 (force (force (delay (delay (\i0 -> force i1 (delay (\i0 -> \i0 -> i2)) ())))) (i1 i4)))) (\i0 -> 0) (\i0 -> i1))))
, ({ tally: ({ BStep BConst causes ({ cpu: 0
| mem: 0
})
| BStep BVar causes ({ cpu: 0
| mem: 0
})
| BStep BLamAbs causes ({ cpu: 0
| mem: 0
})
| BStep BApply causes ({ cpu: 0
| mem: 0
})
| BStep BDelay causes ({ cpu: 39000
| mem: 10
})
| BStep BForce causes ({ cpu: 0
| mem: 0
})
| BStep BBuiltin causes ({ cpu: 0
| mem: 0
})
| BStartup causes ({ cpu: 1000000
| mem: 0
})})
| budget: ({ cpu: 1039000
| mem: 10
})
}) )