(program 1.0.0
  [
    (lam
      i0
      [
        [
          [
            (lam
              i0
              (lam
                i0
                (lam
                  i0
                  [
                    [
                      (lam
                        i0
                        (lam
                          i0
                          [
                            [
                              (lam
                                i0
                                (lam
                                  i0
                                  [
                                    (lam
                                      i0
                                      [
                                        (lam
                                          i0
                                          [
                                            (lam
                                              i0
                                              [
                                                (lam i0 i1)
                                                [ (force i1) (lam i0 i1) ]
                                              ]
                                            )
                                            (delay
                                              (lam
                                                i0
                                                [
                                                  i1
                                                  [
                                                    (force (force i11))
                                                    (lam
                                                      i0
                                                      (lam
                                                        i0
                                                        [
                                                          i9
                                                          [
                                                            [ i4 i2 ]
                                                            [
                                                              (force [ i8 i1 ])
                                                              (lam i0 i1)
                                                            ]
                                                          ]
                                                        ]
                                                      )
                                                    )
                                                  ]
                                                ]
                                              )
                                            )
                                          ]
                                        )
                                        [ (force i1) (lam i0 i1) ]
                                      ]
                                    )
                                    (delay
                                      (lam
                                        i0
                                        [
                                          i1
                                          [
                                            (force (force i9))
                                            (lam
                                              i0
                                              (lam
                                                i0
                                                (lam
                                                  i0
                                                  [
                                                    [
                                                      [
                                                        (force [ (force i9) i1 ]
                                                        )
                                                        (lam i0 (force i12))
                                                      ]
                                                      (lam
                                                        i0
                                                        (lam
                                                          i0
                                                          (lam
                                                            i0
                                                            [
                                                              [
                                                                (force i13)
                                                                [ i5 i3 ]
                                                              ]
                                                              [ [ i6 i5 ] i2 ]
                                                            ]
                                                          )
                                                        )
                                                      )
                                                    ]
                                                    i6
                                                  ]
                                                )
                                              )
                                            )
                                          ]
                                        ]
                                      )
                                    )
                                  ]
                                )
                              )
                              (delay (lam i0 i1))
                            ]
                            (lam i0 i1)
                          ]
                        )
                      )
                      (lam i0 (delay (lam i0 [ i1 i2 ])))
                    ]
                    (lam i0 i1)
                  ]
                )
              )
            )
            (delay (delay (lam i0 (lam i0 i2))))
          ]
          (delay (lam i0 (lam i0 (delay (lam i0 (lam i0 [ [ i1 i4 ] i3 ]))))))
        ]
        (delay (lam i0 i1))
      ]
    )
    (delay
      (delay
        (lam
          i0
          [
            (lam i0 [ i1 i1 ])
            (lam i0 (lam i0 [ [ i3 [ (lam i0 [ i1 i1 ]) i2 ] ] i1 ]))
          ]
        )
      )
    )
  ]
)