(program 1.0.0
  [
    [
      (lam
        i0
        (lam
          i0
          [
            [
              (lam
                i0
                (lam
                  i0
                  [
                    [
                      [
                        (lam
                          i0
                          (lam
                            i0
                            (lam
                              i0
                              [
                                (lam
                                  i0
                                  [
                                    [
                                      [
                                        (lam
                                          i0
                                          (lam
                                            i0
                                            (lam
                                              i0
                                              [
                                                (lam
                                                  i0
                                                  [
                                                    (lam
                                                      i0
                                                      (lam
                                                        i0
                                                        [
                                                          [
                                                            [
                                                              (force
                                                                [
                                                                  i8
                                                                  [
                                                                    [ i7 i1 ]
                                                                    [
                                                                      [
                                                                        (force
                                                                          i2
                                                                        )
                                                                        i3
                                                                      ]
                                                                      [
                                                                        [
                                                                          (force
                                                                            i5
                                                                          )
                                                                          (con
                                                                            char
                                                                              'a'
                                                                          )
                                                                        ]
                                                                        [
                                                                          [
                                                                            (force
                                                                              i5
                                                                            )
                                                                            (con
                                                                              char
                                                                                'b'
                                                                            )
                                                                          ]
                                                                          [
                                                                            [
                                                                              (force
                                                                                i5
                                                                              )
                                                                              (con
                                                                                char
                                                                                  'c'
                                                                              )
                                                                            ]
                                                                            (force
                                                                              i6
                                                                            )
                                                                          ]
                                                                        ]
                                                                      ]
                                                                    ]
                                                                  ]
                                                                ]
                                                              )
                                                              (lam
                                                                i0
                                                                [
                                                                  [
                                                                    (force i3)
                                                                    i4
                                                                  ]
                                                                  (force i7)
                                                                ]
                                                              )
                                                            ]
                                                            (lam i0 i2)
                                                          ]
                                                          i12
                                                        ]
                                                      )
                                                    )
                                                    (delay (lam i0 i1))
                                                  ]
                                                )
                                                (lam i0 i12)
                                              ]
                                            )
                                          )
                                        )
                                        (delay (delay (lam i0 (lam i0 i2))))
                                      ]
                                      (delay
                                        (lam
                                          i0
                                          (lam
                                            i0
                                            (delay
                                              (lam i0 (lam i0 [ [ i1 i4 ] i3 ]))
                                            )
                                          )
                                        )
                                      )
                                    ]
                                    (delay (lam i0 i1))
                                  ]
                                )
                                (lam
                                  i0
                                  (lam
                                    i0
                                    [
                                      [
                                        (force [ i8 i2 ])
                                        (lam
                                          i0
                                          [
                                            [ (force [ i9 i2 ]) (lam i0 i7) ] i8
                                          ]
                                        )
                                      ]
                                      i7
                                    ]
                                  )
                                )
                              ]
                            )
                          )
                        )
                        (delay (lam i0 (lam i0 i2)))
                      ]
                      (delay (lam i0 (lam i0 i1)))
                    ]
                    (lam i0 i1)
                  ]
                )
              )
              (delay (lam i0 i1))
            ]
            (lam i0 i1)
          ]
        )
      )
      (delay (lam i0 i1))
    ]
    (lam i0 i1)
  ]
)