( (Right (delay (delay (delay (\i0 -> \i0 -> force (force (force (force (delay (delay (\i0 -> force (delay (\i0 -> i1 i1)) (\i0 -> \i0 -> i3 (force (delay (\i0 -> i1 i1)) i2) i1))))) (\i0 -> \i0 -> delay (delay (\i0 -> \i0 -> force i1 i5 (\i0 -> \i0 -> \i0 -> i5 i3 i2 (force (force (i7 ())) (\i0 -> \i0 -> i7 i1 i2) i1))))) ())))))))
, ({ tally: ({ BStep BConst causes ({ cpu: 0
| mem: 0
})
| BStep BVar causes ({ cpu: 0
| mem: 0
})
| BStep BLamAbs causes ({ cpu: 0
| mem: 0
})
| BStep BApply causes ({ cpu: 0
| mem: 0
})
| BStep BDelay causes ({ cpu: 39000
| mem: 10
})
| BStep BForce causes ({ cpu: 0
| mem: 0
})
| BStep BBuiltin causes ({ cpu: 0
| mem: 0
})
| BStartup causes ({ cpu: 1000000
| mem: 0
})})
| budget: ({ cpu: 1039000
| mem: 10
})
}) )